// Jest Snapshot v1, https://goo.gl/fbAQLP

exports[`@components/searchForm matches snapshot 1`] = `
<form novalidate="novalidate" class="v-form flex-grow-1 pa-3">
  <div class="row">
    <div class="py-0 col-sm-5 col">
      <div class="v-input theme--light v-text-field v-text-field--single-line v-text-field--solo v-text-field--enclosed">
        <div class="v-input__control">
          <div class="v-input__slot">
            <div class="v-text-field__slot"><label for="input-33" class="v-label theme--light" style="left: 0px; position: absolute;">Search Term</label><input id="input-33" type="text"></div>
            <div class="v-input__append-inner">
              <div class="v-input__icon v-input__icon--append"><i aria-hidden="true" class="v-icon notranslate mdi mdi-magnify theme--light"></i></div>
            </div>
          </div>
          <div class="v-text-field__details">
            <div class="v-messages theme--light">
              <div class="v-messages__wrapper"></div>
            </div>
          </div>
        </div>
      </div>
    </div>
    <div class="py-0 col-sm-5 col">
      <div class="v-input v-input--is-label-active v-input--is-dirty theme--light v-text-field v-text-field--single-line v-text-field--solo v-text-field--enclosed v-select v-select--chips v-select--chips--small v-select--is-multi v-autocomplete">
        <div class="v-input__control">
          <div role="combobox" aria-haspopup="listbox" aria-expanded="false" aria-owns="list-37" class="v-input__slot">
            <div class="v-select__slot">
              <div class="v-select__selections"><span tabindex="-1" class="v-chip--select v-chip v-chip--clickable v-chip--no-color theme--light v-size--small"><span class="v-chip__content">Food (All)</span></span><input required="required" id="input-37" type="text" autocomplete="off"></div>
              <div class="v-input__append-inner">
                <div class="v-input__icon v-input__icon--append"><i aria-hidden="true" class="v-icon notranslate mdi mdi-menu-down theme--light"></i></div>
              </div><input type="hidden" value="[object Object]">
            </div>
            <div class="v-menu">
              <!---->
            </div>
          </div>
          <div class="v-text-field__details">
            <div class="v-messages theme--light">
              <div class="v-messages__wrapper"></div>
            </div>
          </div>
        </div>
      </div>
    </div>
    <div class="py-0 col-sm-2 col">
      <div class="v-input v-input--is-label-active v-input--is-dirty theme--light v-text-field v-text-field--single-line v-text-field--solo v-text-field--enclosed v-select">
        <div class="v-input__control">
          <div role="button" aria-haspopup="listbox" aria-expanded="false" aria-owns="list-43" class="v-input__slot">
            <div class="v-select__slot">
              <div class="v-select__selections">
                <div class="v-select__selection v-select__selection--comma">Best Match</div><input id="input-43" readonly="readonly" type="text" aria-readonly="false" autocomplete="off">
              </div>
              <div class="v-input__append-inner">
                <div class="v-input__icon v-input__icon--append"><i aria-hidden="true" class="v-icon notranslate mdi mdi-menu-down theme--light"></i></div>
              </div><input type="hidden" value="best_match">
            </div>
            <div class="v-menu">
              <!---->
            </div>
          </div>
          <div class="v-text-field__details">
            <div class="v-messages theme--light">
              <div class="v-messages__wrapper"></div>
            </div>
          </div>
        </div>
      </div>
    </div>
  </div>
  <div class="row no-gutters">
    <div class="spacer"></div>
    <div class="text-right col"><button type="button" class="mx-4 px-6 v-btn v-btn--contained theme--light v-size--default"><span class="v-btn__content">clear</span></button> <button type="button" disabled="disabled" class="px-6 v-btn v-btn--contained v-btn--disabled theme--light v-size--default" data-test="submitBtn"><span class="v-btn__content">search</span></button></div>
  </div>
</form>
`;
